test_correct_references_switch_with_all_six_in_denominator (test_argument_switch_v1.ArgumentSwitchTests.test_correct_references_switch_with_all_six_in_denominator) ... ok
test_equivalent_premise_tactics_are_accepted (test_argument_switch_v1.ArgumentSwitchTests.test_equivalent_premise_tactics_are_accepted) ... ok
test_frozen_prefix_and_formatter_no_reference_code_leak (test_argument_switch_v1.ArgumentSwitchTests.test_frozen_prefix_and_formatter_no_reference_code_leak) ... ok
test_matching_strategy_without_verification_does_not_count_as_success (test_argument_switch_v1.ArgumentSwitchTests.test_matching_strategy_without_verification_does_not_count_as_success) ... ok
test_missing_or_duplicate_output_cannot_improve_denominator (test_argument_switch_v1.ArgumentSwitchTests.test_missing_or_duplicate_output_cannot_improve_denominator) ... ok
test_no_inference_or_diagnostic_load_during_protocol_checks (test_argument_switch_v1.ArgumentSwitchTests.test_no_inference_or_diagnostic_load_during_protocol_checks) ... ok
test_six_existing_common_subset_theorems_and_12_allowed_references (test_argument_switch_v1.ArgumentSwitchTests.test_six_existing_common_subset_theorems_and_12_allowed_references) ... ok
test_third_binder_induction_and_required_IH_are_not_just_keyword_matches (test_argument_switch_v1.ArgumentSwitchTests.test_third_binder_induction_and_required_IH_are_not_just_keyword_matches) ... ok
test_verified_proof_ignoring_B_strategy_is_a_switch_failure (test_argument_switch_v1.ArgumentSwitchTests.test_verified_proof_ignoring_B_strategy_is_a_switch_failure) ... ok
test_exactly_18_attempts_after_reference_preflight_and_unchanged_checkpoint (test_argument_switch_v1_results.ArgumentSwitchResultTests.test_exactly_18_attempts_after_reference_preflight_and_unchanged_checkpoint) ... ok
test_missing_outputs_or_duplicate_attempts_rejected_even_with_updated_checksum (test_argument_switch_v1_results.ArgumentSwitchResultTests.test_missing_outputs_or_duplicate_attempts_rejected_even_with_updated_checksum) ... ok
test_no_probe_inference_or_diagnostic_reads_during_analysis (test_argument_switch_v1_results.ArgumentSwitchResultTests.test_no_probe_inference_or_diagnostic_reads_during_analysis) ... ok
test_report_and_bound_manual_reviews_reproduce (test_argument_switch_v1_results.ArgumentSwitchResultTests.test_report_and_bound_manual_reviews_reproduce) ... ok
test_verification_and_strategy_switching_are_distinct (test_argument_switch_v1_results.ArgumentSwitchResultTests.test_verification_and_strategy_switching_are_distinct) ... ok
test_all_12_evaluation_references_pass_actual_rocq (test_baseline.BaselineProtocolTests.test_all_12_evaluation_references_pass_actual_rocq) ... ok
test_definitional_development_copy_is_rejected (test_baseline.BaselineProtocolTests.test_definitional_development_copy_is_rejected) ... ok
test_development_snapshot_changes_only_split (test_baseline.BaselineProtocolTests.test_development_snapshot_changes_only_split) ... ok
test_evaluation_is_statement_disjoint_but_honestly_reports_family_overlap (test_baseline.BaselineProtocolTests.test_evaluation_is_statement_disjoint_but_honestly_reports_family_overlap) ... ok
test_existing_output_cannot_trigger_another_generation (test_baseline.BaselineProtocolTests.test_existing_output_cannot_trigger_another_generation) ... ok
test_extraction_removes_only_one_whole_outer_fence (test_baseline.BaselineProtocolTests.test_extraction_removes_only_one_whole_outer_fence) ... ok
test_frozen_input_tampering_is_rejected (test_baseline.BaselineProtocolTests.test_frozen_input_tampering_is_rejected) ... ok
test_generated_admission_is_not_removed_or_repaired (test_baseline.BaselineProtocolTests.test_generated_admission_is_not_removed_or_repaired) ... ok
test_induction_tracks_binder_position_despite_local_renaming (test_baseline.BaselineProtocolTests.test_induction_tracks_binder_position_despite_local_renaming) ... ok
test_only_informal_argument_differs_between_prompt_conditions (test_baseline.BaselineProtocolTests.test_only_informal_argument_differs_between_prompt_conditions) ... ok
test_valid_alternative_can_fail_argument_fidelity (test_baseline.BaselineProtocolTests.test_valid_alternative_can_fail_argument_fidelity) ... ok
test_generated_proof_cannot_be_replaced_after_generation (test_baseline.BaselineResultTests.test_generated_proof_cannot_be_replaced_after_generation) ... ok
test_recorded_baseline_has_exactly_24_single_attempts (test_baseline.BaselineResultTests.test_recorded_baseline_has_exactly_24_single_attempts) ... ok
test_repeated_attempt_or_missing_condition_is_rejected (test_baseline.BaselineResultTests.test_repeated_attempt_or_missing_condition_is_rejected) ... ok
test_EOS_requires_complete_body_and_two_nonempty_branches (test_constrained_v1.GrammarTests.test_EOS_requires_complete_body_and_two_nonempty_branches) ... ok
test_IH_only_in_successor_branch_and_branch_local_names_unique (test_constrained_v1.GrammarTests.test_IH_only_in_successor_branch_and_branch_local_names_unique) ... ok
test_all_30_reference_proofs_allowed_and_unchanged_parser_accepts (test_constrained_v1.GrammarTests.test_all_30_reference_proofs_allowed_and_unchanged_parser_accepts) ... ok
test_all_introductions_required (test_constrained_v1.GrammarTests.test_all_introductions_required) ... ok
test_command_limit_reserves_successor_branch (test_constrained_v1.GrammarTests.test_command_limit_reserves_successor_branch) ... ok
test_invented_hypotheses_and_wrong_kind_references_blocked (test_constrained_v1.GrammarTests.test_invented_hypotheses_and_wrong_kind_references_blocked) ... ok
test_malformed_or_forbidden_commands_blocked (test_constrained_v1.GrammarTests.test_malformed_or_forbidden_commands_blocked) ... ok
test_no_mathematical_or_gold_strategy_filter (test_constrained_v1.GrammarTests.test_no_mathematical_or_gold_strategy_filter) ... ok
test_premise_available_in_each_branch_but_nat_is_not_a_proof (test_constrained_v1.GrammarTests.test_premise_available_in_each_branch_but_nat_is_not_a_proof) ... ok
test_comparison_does_not_access_diagnostics_or_inference (test_constrained_v1_results.ConstrainedResultTests.test_comparison_does_not_access_diagnostics_or_inference) ... ok
test_manual_reviews_distinguish_valid_renaming_from_bad_reasoning (test_constrained_v1_results.ConstrainedResultTests.test_manual_reviews_distinguish_valid_renaming_from_bad_reasoning) ... ok
test_missing_output_or_duplicate_attempt_is_detected (test_constrained_v1_results.ConstrainedResultTests.test_missing_output_or_duplicate_attempt_is_detected) ... ok
test_preflight_precedes_inference_and_all_references_passed (test_constrained_v1_results.ConstrainedResultTests.test_preflight_precedes_inference_and_all_references_passed) ... ok
test_recorded_budget_and_unchanged_inputs (test_constrained_v1_results.ConstrainedResultTests.test_recorded_budget_and_unchanged_inputs) ... ok
test_reports_reproduce_and_measure_real_correctness_gains (test_constrained_v1_results.ConstrainedResultTests.test_reports_reproduce_and_measure_real_correctness_gains) ... ok
test_tokens_spanning_commands_and_branches_preserve_scope (test_constrained_v1_results.TokenBoundaryTests.test_tokens_spanning_commands_and_branches_preserve_scope) ... ok
test_classification_boundary_and_no_false_memory_label (test_lora_training_v1.FeasibilityPlanTests.test_classification_boundary_and_no_false_memory_label) ... ok
test_input_checks_only_hash_reserved_contents (test_lora_training_v1.FeasibilityPlanTests.test_input_checks_only_hash_reserved_contents) ... ok
test_preserved_historical_inputs (test_lora_training_v1.FeasibilityPlanTests.test_preserved_historical_inputs) ... ok
test_bound_preservation_and_report_reproduction (test_lora_training_v1.MeasurementTests.test_bound_preservation_and_report_reproduction) ... ok
test_actual_accumulation_matches_four_example_average_and_preserves_base (test_lora_training_v1.TrainingLoopTests.test_actual_accumulation_matches_four_example_average_and_preserves_base) ... ok
test_base_trainability_is_rejected_and_optimizer_has_only_adapters (test_lora_training_v1.TrainingLoopTests.test_base_trainability_is_rejected_and_optimizer_has_only_adapters) ... ok
test_checkpoint_roundtrip_is_adapter_only_and_feasibility_save_forbidden (test_lora_training_v1.TrainingLoopTests.test_checkpoint_roundtrip_is_adapter_only_and_feasibility_save_forbidden) ... ok
test_nonfinite_loss_stops_before_optimizer (test_lora_training_v1.TrainingLoopTests.test_nonfinite_loss_stops_before_optimizer) ... ok
test_real_loss_interface_handles_padded_768_without_supervising_padding (test_lora_training_v1.TrainingLoopTests.test_real_loss_interface_handles_padded_768_without_supervising_padding) ... ok
test_complete_frozen_membership_and_historical_preservation (test_pilot_v1.PilotReleaseTests.test_complete_frozen_membership_and_historical_preservation) ... ok
test_export_contains_only_intended_inputs_and_target (test_pilot_v1.PilotReleaseTests.test_export_contains_only_intended_inputs_and_target) ... ok
test_fresh_statement_holdout_has_explicit_family_exposure (test_pilot_v1.PilotReleaseTests.test_fresh_statement_holdout_has_explicit_family_exposure) ... ok
test_holdout_loader_is_always_rejected_before_io (test_pilot_v1.PilotReleaseTests.test_holdout_loader_is_always_rejected_before_io) ... ok
test_public_workflow_does_not_parse_holdout_or_diagnostics_or_infer (test_pilot_v1.PilotReleaseTests.test_public_workflow_does_not_parse_holdout_or_diagnostics_or_infer) ... ok
test_reference_quality_and_coverage_evidence (test_pilot_v1.PilotReleaseTests.test_reference_quality_and_coverage_evidence) ... ok
test_report_reproduces_without_reserved_reference_contents (test_pilot_v1.PilotReleaseTests.test_report_reproduces_without_reserved_reference_contents) ... ok
test_verification_evidence_bound_to_formal_source (test_pilot_v1.PilotReleaseTests.test_verification_evidence_bound_to_formal_source) ... ok
test_alignment_drift_is_rejected (test_pilot_v1.PilotSchemaTests.test_alignment_drift_is_rejected) ... ok
test_alpha_orientation_and_definitional_equivalence (test_pilot_v1.PilotSchemaTests.test_alpha_orientation_and_definitional_equivalence) ... ok
test_base_premise_and_successor_ih_are_separate_features (test_pilot_v1.PilotSchemaTests.test_base_premise_and_successor_ih_are_separate_features) ... ok
test_duplicate_ids_and_targets_rejected (test_pilot_v1.PilotSchemaTests.test_duplicate_ids_and_targets_rejected) ... ok
test_equivalent_variants_cannot_cross_family_or_split (test_pilot_v1.PilotSchemaTests.test_equivalent_variants_cannot_cross_family_or_split) ... ok
test_rewrite_order_and_direction_contrasts_are_real (test_pilot_v1.PilotSchemaTests.test_rewrite_order_and_direction_contrasts_are_real) ... ok
test_stale_features_and_false_provenance_rejected (test_pilot_v1.PilotSchemaTests.test_stale_features_and_false_provenance_rejected) ... ok
test_analysis_does_not_load_a_model_or_read_sealed_content (test_pretraining_v1_results.PretrainingResultTests.test_analysis_does_not_load_a_model_or_read_sealed_content) ... ok
test_missing_output_and_extra_attempt_rejected_even_after_rehash (test_pretraining_v1_results.PretrainingResultTests.test_missing_output_and_extra_attempt_rejected_even_after_rehash) ... ok
test_nine_attempts_and_protocol_before_run (test_pretraining_v1_results.PretrainingResultTests.test_nine_attempts_and_protocol_before_run) ... ok
test_review_and_report_reproduce (test_pretraining_v1_results.PretrainingResultTests.test_review_and_report_reproduce) ... ok
test_demo_and_definitional_duplicates_are_excluded_from_selection (test_prompt_v2.PromptV2Tests.test_demo_and_definitional_duplicates_are_excluded_from_selection) ... ok
test_development_setup_does_not_access_evaluation (test_prompt_v2.PromptV2Tests.test_development_setup_does_not_access_evaluation) ... ok
test_empty_output_and_wrappers_are_not_compliant (test_prompt_v2.PromptV2Tests.test_empty_output_and_wrappers_are_not_compliant) ... ok
test_evaluation_cannot_be_loaded_before_freeze (test_prompt_v2.PromptV2Tests.test_evaluation_cannot_be_loaded_before_freeze) ... ok
test_existing_freeze_cannot_be_replaced (test_prompt_v2.PromptV2Tests.test_existing_freeze_cannot_be_replaced) ... ok
test_fences_fail_format_even_if_code_verifies (test_prompt_v2.PromptV2Tests.test_fences_fail_format_even_if_code_verifies) ... ok
test_format_does_not_imply_mathematical_correctness (test_prompt_v2.PromptV2Tests.test_format_does_not_imply_mathematical_correctness) ... ok
test_selection_prioritizes_format_then_verification_then_fidelity (test_prompt_v2.PromptV2Tests.test_selection_prioritizes_format_then_verification_then_fidelity) ... ok
test_target_argument_is_the_only_difference_between_conditions (test_prompt_v2.PromptV2Tests.test_target_argument_is_the_only_difference_between_conditions) ... ok
test_two_to_four_demonstrations_are_exact_development_records (test_prompt_v2.PromptV2Tests.test_two_to_four_demonstrations_are_exact_development_records) ... ok
test_unknown_demonstration_is_rejected (test_prompt_v2.PromptV2Tests.test_unknown_demonstration_is_rejected) ... ok
test_v1_verifier_and_all_frozen_data_are_unchanged (test_prompt_v2.PromptV2Tests.test_v1_verifier_and_all_frozen_data_are_unchanged) ... ok
test_verified_alternative_can_diverge_from_the_reference_argument (test_prompt_v2.PromptV2Tests.test_verified_alternative_can_diverge_from_the_reference_argument) ... ok
test_all_outputs_have_bound_manual_reviews (test_prompt_v2_audit.PromptV2AuditTests.test_all_outputs_have_bound_manual_reviews) ... ok
test_audit_cannot_read_diagnostic_records_or_generate (test_prompt_v2_audit.PromptV2AuditTests.test_audit_cannot_read_diagnostic_records_or_generate) ... ok
test_equivalent_arguments_are_separate_from_different_attempted_strategies (test_prompt_v2_audit.PromptV2AuditTests.test_equivalent_arguments_are_separate_from_different_attempted_strategies) ... ok
test_exactly_one_future_experiment_and_no_new_work_claimed (test_prompt_v2_audit.PromptV2AuditTests.test_exactly_one_future_experiment_and_no_new_work_claimed) ... ok
test_failure_categories_are_exclusive_and_denominators_explicit (test_prompt_v2_audit.PromptV2AuditTests.test_failure_categories_are_exclusive_and_denominators_explicit) ... ok
test_no_proof_B_observation_is_invented (test_prompt_v2_audit.PromptV2AuditTests.test_no_proof_B_observation_is_invented) ... ok
test_reports_reproduce_exactly (test_prompt_v2_audit.PromptV2AuditTests.test_reports_reproduce_exactly) ... ok
test_development_comparison_has_180_attempts_and_fixed_winner (test_prompt_v2_results.PromptV2ResultTests.test_development_comparison_has_180_attempts_and_fixed_winner) ... ok
test_duplicate_attempt_cannot_be_hidden_by_updating_the_checksum (test_prompt_v2_results.PromptV2ResultTests.test_duplicate_attempt_cannot_be_hidden_by_updating_the_checksum) ... ok
test_evaluation_follows_freeze_and_keeps_original_budget (test_prompt_v2_results.PromptV2ResultTests.test_evaluation_follows_freeze_and_keeps_original_budget) ... ok
test_generated_candidate_cannot_be_repaired_in_saved_results (test_prompt_v2_results.PromptV2ResultTests.test_generated_candidate_cannot_be_repaired_in_saved_results) ... ok
test_missing_result_cannot_be_hidden_by_updating_the_checksum (test_prompt_v2_results.PromptV2ResultTests.test_missing_result_cannot_be_hidden_by_updating_the_checksum) ... ok
test_alignment_covers_every_formal_proof_line (test_seeds.SeedDatasetTests.test_alignment_covers_every_formal_proof_line) ... ok
test_all_30_proofs_pass_actual_rocq (test_seeds.SeedDatasetTests.test_all_30_proofs_pass_actual_rocq) ... ok
test_argument_features_distinguish_premise_from_induction_hypothesis (test_seeds.SeedDatasetTests.test_argument_features_distinguish_premise_from_induction_hypothesis) ... ok
test_binder_renamed_duplicate_rejected (test_seeds.SeedDatasetTests.test_binder_renamed_duplicate_rejected) ... ok
test_canonical_fields_and_compatibility_aliases_agree (test_seeds.SeedDatasetTests.test_canonical_fields_and_compatibility_aliases_agree) ... ok
test_definitional_equivalence_audit (test_seeds.SeedDatasetTests.test_definitional_equivalence_audit) ... ok
test_definitional_variants_cannot_cross_even_an_edited_family_manifest (test_seeds.SeedDatasetTests.test_definitional_variants_cannot_cross_even_an_edited_family_manifest) ... ok
test_exactly_30_distinct_curated_statements (test_seeds.SeedDatasetTests.test_exactly_30_distinct_curated_statements) ... ok
test_normalization_cannot_inject_new_tactics_or_change_reference (test_seeds.SeedDatasetTests.test_normalization_cannot_inject_new_tactics_or_change_reference) ... ok
test_normalizations_preserve_the_three_authored_proofs (test_seeds.SeedDatasetTests.test_normalizations_preserve_the_three_authored_proofs) ... ok
test_original_proof_evidence_is_required_after_normalization (test_seeds.SeedDatasetTests.test_original_proof_evidence_is_required_after_normalization) ... ok
test_related_families_cannot_be_silently_reassigned (test_seeds.SeedDatasetTests.test_related_families_cannot_be_silently_reassigned) ... ok
test_saved_evidence_matches_sources (test_seeds.SeedDatasetTests.test_saved_evidence_matches_sources) ... ok
test_schema_rejects_stale_derived_fields_and_provenance (test_seeds.SeedDatasetTests.test_schema_rejects_stale_derived_fields_and_provenance) ... ok
test_stale_source_hash_cannot_reuse_a_pass_record (test_seeds.SeedDatasetTests.test_stale_source_hash_cannot_reuse_a_pass_record) ... ok
test_tampered_proof_cannot_reuse_a_pass_record (test_seeds.SeedDatasetTests.test_tampered_proof_cannot_reuse_a_pass_record) ... ok
test_wrong_induction_variable_annotation_rejected (test_seeds.SeedDatasetTests.test_wrong_induction_variable_annotation_rejected) ... ok
test_all_public_rows_fit_and_only_final_completion_is_supervised (test_training_protocol_v1.LossAndAdapterTests.test_all_public_rows_fit_and_only_final_completion_is_supervised) ... ok
test_completion_loss_matches_full_causal_mask_and_supervises_eos (test_training_protocol_v1.LossAndAdapterTests.test_completion_loss_matches_full_causal_mask_and_supervises_eos) ... ok
test_oversized_input_errors_without_truncation (test_training_protocol_v1.LossAndAdapterTests.test_oversized_input_errors_without_truncation) ... ok
test_zero_lora_preserves_base_and_only_adapters_receive_gradients (test_training_protocol_v1.LossAndAdapterTests.test_zero_lora_preserves_base_and_only_adapters_receive_gradients) ... ok
test_alpha_renaming_intros_grouping_and_explicit_forward_rewrite (test_training_protocol_v1.ProtocolTests.test_alpha_renaming_intros_grouping_and_explicit_forward_rewrite) ... ok
test_controls_are_not_scored_as_argument_following (test_training_protocol_v1.ProtocolTests.test_controls_are_not_scored_as_argument_following) ... ok
test_equivalent_ih_tactics_do_not_automatically_diverge_mathematically (test_training_protocol_v1.ProtocolTests.test_equivalent_ih_tactics_do_not_automatically_diverge_mathematically) ... ok
test_frozen_budget_and_shuffle_cover_each_training_row_once_per_epoch (test_training_protocol_v1.ProtocolTests.test_frozen_budget_and_shuffle_cover_each_training_row_once_per_epoch) ... ok
test_no_holdout_or_diagnostic_content_reads (test_training_protocol_v1.ProtocolTests.test_no_holdout_or_diagnostic_content_reads) ... ok
test_selection_uses_only_six_dev_rows_and_earliest_tie (test_training_protocol_v1.ProtocolTests.test_selection_uses_only_six_dev_rows_and_earliest_tie) ... ok
test_three_theorems_and_exact_prompt_prefix (test_training_protocol_v1.ProtocolTests.test_three_theorems_and_exact_prompt_prefix) ... ok
test_addition_only_statement_grammar (test_verifier.VerifierTests.test_addition_only_statement_grammar) ... ok
test_admissions_and_declarations_rejected (test_verifier.VerifierTests.test_admissions_and_declarations_rejected) ... ok
test_arbitrary_term_and_tactical_rejected (test_verifier.VerifierTests.test_arbitrary_term_and_tactical_rejected) ... ok
test_cli_pass_and_fail_exit_codes (test_verifier.VerifierTests.test_cli_pass_and_fail_exit_codes) ... ok
test_comments_are_lexed_and_cannot_smuggle_commands (test_verifier.VerifierTests.test_comments_are_lexed_and_cannot_smuggle_commands) ... ok
test_different_false_target_is_not_replaced (test_verifier.VerifierTests.test_different_false_target_is_not_replaced) ... ok
test_empty_proof_is_incomplete (test_verifier.VerifierTests.test_empty_proof_is_incomplete) ... ok
test_equality_premise_and_reverse_rewrite (test_verifier.VerifierTests.test_equality_premise_and_reverse_rewrite) ... ok
test_forbidden_helper_qualified_and_unqualified (test_verifier.VerifierTests.test_forbidden_helper_qualified_and_unqualified) ... ok
test_forbidden_tactics (test_verifier.VerifierTests.test_forbidden_tactics) ... ok
test_import_and_theorem_modification_rejected (test_verifier.VerifierTests.test_import_and_theorem_modification_rejected) ... ok
test_incomplete_proof_reaches_rocq (test_verifier.VerifierTests.test_incomplete_proof_reaches_rocq) ... ok
test_input_limit (test_verifier.VerifierTests.test_input_limit) ... ok
test_invalid_proof_reaches_rocq (test_verifier.VerifierTests.test_invalid_proof_reaches_rocq) ... ok
test_invalid_timeout (test_verifier.VerifierTests.test_invalid_timeout) ... ok
test_local_names_are_renamed_to_prevent_global_fallback (test_verifier.VerifierTests.test_local_names_are_renamed_to_prevent_global_fallback) ... ok
test_missing_environment_fails_closed (test_verifier.VerifierTests.test_missing_environment_fails_closed) ... ok
test_standalone_example_compiles (test_verifier.VerifierTests.test_standalone_example_compiles) ... ok
test_statement_cannot_inject_commands (test_verifier.VerifierTests.test_statement_cannot_inject_commands) ... ok
test_successor_hypothesis_not_visible_in_base_branch (test_verifier.VerifierTests.test_successor_hypothesis_not_visible_in_base_branch) ... ok
test_syntax_error_missing_period (test_verifier.VerifierTests.test_syntax_error_missing_period) ... ok
test_syntax_error_missing_reference (test_verifier.VerifierTests.test_syntax_error_missing_reference) ... ok
test_timeout_kills_real_compiler (test_verifier.VerifierTests.test_timeout_kills_real_compiler) ... ok
test_valid_induction_compiles (test_verifier.VerifierTests.test_valid_induction_compiles) ... ok

----------------------------------------------------------------------
Ran 149 tests in 13.315s

OK
Reverified all 24 generated candidates; every result agrees.
PASS: 24 saved outputs reverified with identical outcomes; no model calls
